// Jest Snapshot v1, https://goo.gl/fbAQLP

exports[`Loader renders a loader 1`] = `
<div
  className="loader"
>
  <div
    className="loaderBackdrop"
  >
    <div
      className="spinner"
    >
      <Spinner />
    </div>
  </div>
</div>
`;
